// Jest Snapshot v1, https://goo.gl/fbAQLP

exports[`servie-redirect should send redirects 1`] = `
Object {
  "body": Object {
    "bodyUsed": false,
    "buffered": true,
    "hasBody": true,
    "headers": Object {
      "content-length": "48",
      "content-type": "text/plain",
    },
  },
  "bytesTransferred": 0,
  "finished": false,
  "headers": Object {
    "location": "/test",
  },
  "started": false,
  "statusCode": 302,
  "statusMessage": undefined,
}
`;
