// Jest Snapshot v1, https://goo.gl/fbAQLP

exports[`servie-redirect should send redirects 1`] = `
Response {
  "$rawBody": "<p>Redirecting to <a href=\\"/test\\">/test</a>.</p>",
  "headers": Headers {
    "object": Object {
      "content-length": "48",
      "content-type": "text/html",
      "location": "/test",
    },
  },
  "status": 302,
  "statusText": "",
  "trailer": Promise {},
}
`;
